<?xml version="1.0" encoding="UTF-8"?>
<TestRun id="8acb5673-9453-4a02-8da9-ed5d719e32ec" name="David Gadd@MACBOOKPC 2010-01-19 08:19:11" runUser="MacBookPC\David Gadd" xmlns="http://microsoft.com/schemas/VisualStudio/TeamTest/2010">
  <TestSettings name="Local" id="98aa9265-ee77-4bec-92f2-e5615f89e945">
    <Description>These are default test settings for a local test run.</Description>
    <Deployment enabled="false" runDeploymentRoot="David Gadd_MACBOOKPC 2010-01-19 08_19_11">
      <DeploymentItem filename="C:\SourceCode\dotNet_2010\AuctionSniper_ch14\AuctionSniper.Shared\bin\Debug\AuctionSniper.Shared.dll" />
      <DeploymentItem filename="C:\SourceCode\dotNet_2010\AuctionSniper_ch14\AuctionSniper.Domain\bin\Debug\AuctionSniper.Domain.dll" />
      <DeploymentItem filename="C:\3rd_Party_DLLs\Rhino.Mocks.dll" />
      <DeploymentItem filename="C:\SourceCode\dotNet_2010\AuctionSniper_ch14\AuctionSniper.Presenters\bin\Debug\AuctionSniper.Presenters.dll" />
      <DeploymentItem filename="C:\SourceCode\dotNet_2010\AuctionSniper_ch14\AuctionSniper.Views\bin\Debug\AuctionSniper.Views.dll" />
      <DeploymentItem filename="C:\SourceCode\dotNet_2010\AuctionSniper_ch14\AuctionSniper.Fakes.XMPPServer\bin\Debug\AuctionSniper.Fakes.XMPPServer.dll" />
    </Deployment>
    <Execution>
      <TestTypeSpecific />
      <AgentRule name="Execution Agents">
      </AgentRule>
    </Execution>
  </TestSettings>
  <Times creation="2010-01-19T08:19:11.0220000-08:00" queuing="2010-01-19T08:19:11.1370000-08:00" start="2010-01-19T08:19:11.1550000-08:00" finish="2010-01-19T08:19:12.7340000-08:00" />
  <ResultSummary outcome="Completed">
    <Counters total="11" executed="11" passed="11" error="0" failed="0" timeout="0" aborted="0" inconclusive="0" passedButRunAborted="0" notRunnable="0" notExecuted="0" disconnected="0" warning="0" completed="0" inProgress="0" pending="0" />
  </ResultSummary>
  <TestDefinitions>
    <UnitTest name="SniperWinsAnAuctionByBiddingHigher" storage="c:\sourcecode\dotnet_2010\auctionsniper_ch14\auctionsniper.tests.acceptance\bin\debug\auctionsniper.tests.acceptance.dll" id="93674639-a3b6-7bf8-74b6-1fd95b052a93">
      <Execution id="7e727a9f-683e-4ac5-a056-d16363bb8731" />
      <TestMethod codeBase="C:/SourceCode/dotNet_2010/AuctionSniper_ch14/AuctionSniper.Tests.Acceptance/bin/Debug/AuctionSniper.Tests.Acceptance.DLL" adapterTypeName="Microsoft.VisualStudio.TestTools.TestTypes.Unit.UnitTestAdapter, Microsoft.VisualStudio.QualityTools.Tips.UnitTest.Adapter, Version=10.0.0.0, Culture=neutral, PublicKeyToken=b03f5f7f11d50a3a" className="AuctionSniper.Tests.Acceptance.AuctionSniperEndToEndTest, AuctionSniper.Tests.Acceptance, Version=1.0.0.0, Culture=neutral, PublicKeyToken=null" name="SniperWinsAnAuctionByBiddingHigher" />
    </UnitTest>
    <UnitTest name="SniperMakesAHigherBidButLoses" storage="c:\sourcecode\dotnet_2010\auctionsniper_ch14\auctionsniper.tests.acceptance\bin\debug\auctionsniper.tests.acceptance.dll" id="b01b7404-787c-b29e-2f95-668958eae1b9">
      <Execution id="4b2ae11c-1eca-41ff-b6a6-7c73dbc54c22" />
      <TestMethod codeBase="C:/SourceCode/dotNet_2010/AuctionSniper_ch14/AuctionSniper.Tests.Acceptance/bin/Debug/AuctionSniper.Tests.Acceptance.DLL" adapterTypeName="Microsoft.VisualStudio.TestTools.TestTypes.Unit.UnitTestAdapter, Microsoft.VisualStudio.QualityTools.Tips.UnitTest.Adapter, Version=10.0.0.0, Culture=neutral, PublicKeyToken=b03f5f7f11d50a3a" className="AuctionSniper.Tests.Acceptance.AuctionSniperEndToEndTest, AuctionSniper.Tests.Acceptance, Version=1.0.0.0, Culture=neutral, PublicKeyToken=null" name="SniperMakesAHigherBidButLoses" />
    </UnitTest>
    <UnitTest name="ReportsWonIfAuctionClosesWhenWinning" storage="c:\sourcecode\dotnet_2010\auctionsniper_ch14\auctionsniper.tests.unit\bin\debug\auctionsniper.tests.unit.dll" id="d9fca3e4-583a-e2a3-5b9f-818b78a454f7">
      <Execution id="13c605e6-b5f2-45bf-83ae-c6a2fa0c195d" />
      <TestMethod codeBase="C:/SourceCode/dotNet_2010/AuctionSniper_ch14/AuctionSniper.Tests.Unit/bin/Debug/AuctionSniper.Tests.Unit.DLL" adapterTypeName="Microsoft.VisualStudio.TestTools.TestTypes.Unit.UnitTestAdapter, Microsoft.VisualStudio.QualityTools.Tips.UnitTest.Adapter, Version=10.0.0.0, Culture=neutral, PublicKeyToken=b03f5f7f11d50a3a" className="AuctionSniper.Tests.Unit.AuctionSniperTest, AuctionSniper.Tests.Unit, Version=1.0.0.0, Culture=neutral, PublicKeyToken=null" name="ReportsWonIfAuctionClosesWhenWinning" />
    </UnitTest>
    <UnitTest name="ReportsLostIfAuctionClosesWhenBidding" storage="c:\sourcecode\dotnet_2010\auctionsniper_ch14\auctionsniper.tests.unit\bin\debug\auctionsniper.tests.unit.dll" id="3b0efb8e-e377-bd8a-bff1-079da82b4f70">
      <Execution id="191c400c-c6b4-4963-9e22-271dc5a12736" />
      <TestMethod codeBase="C:/SourceCode/dotNet_2010/AuctionSniper_ch14/AuctionSniper.Tests.Unit/bin/Debug/AuctionSniper.Tests.Unit.DLL" adapterTypeName="Microsoft.VisualStudio.TestTools.TestTypes.Unit.UnitTestAdapter, Microsoft.VisualStudio.QualityTools.Tips.UnitTest.Adapter, Version=10.0.0.0, Culture=neutral, PublicKeyToken=b03f5f7f11d50a3a" className="AuctionSniper.Tests.Unit.AuctionSniperTest, AuctionSniper.Tests.Unit, Version=1.0.0.0, Culture=neutral, PublicKeyToken=null" name="ReportsLostIfAuctionClosesWhenBidding" />
    </UnitTest>
    <UnitTest name="NotifiesAuctionClosedWhenCloseMessageReceived" storage="c:\sourcecode\dotnet_2010\auctionsniper_ch14\auctionsniper.tests.unit\bin\debug\auctionsniper.tests.unit.dll" id="14f7be7d-438a-9046-014a-66d81650fe5b">
      <Execution id="1d13e6ba-adf3-464c-afb3-62a31551a7da" />
      <TestMethod codeBase="C:/SourceCode/dotNet_2010/AuctionSniper_ch14/AuctionSniper.Tests.Unit/bin/Debug/AuctionSniper.Tests.Unit.DLL" adapterTypeName="Microsoft.VisualStudio.TestTools.TestTypes.Unit.UnitTestAdapter, Microsoft.VisualStudio.QualityTools.Tips.UnitTest.Adapter, Version=10.0.0.0, Culture=neutral, PublicKeyToken=b03f5f7f11d50a3a" className="AuctionSniper.Tests.Unit.AuctionMessageTranslatorTest, AuctionSniper.Tests.Unit, Version=1.0.0.0, Culture=neutral, PublicKeyToken=null" name="NotifiesAuctionClosedWhenCloseMessageReceived" />
    </UnitTest>
    <UnitTest name="SniperJoinsAuctionUntilAuctionCloses" storage="c:\sourcecode\dotnet_2010\auctionsniper_ch14\auctionsniper.tests.acceptance\bin\debug\auctionsniper.tests.acceptance.dll" id="065a0d2c-709e-ae8c-d96e-b30d6cd739fa">
      <Execution id="dce258f9-ab95-4f1d-825e-ed2483e036d8" />
      <TestMethod codeBase="C:/SourceCode/dotNet_2010/AuctionSniper_ch14/AuctionSniper.Tests.Acceptance/bin/Debug/AuctionSniper.Tests.Acceptance.DLL" adapterTypeName="Microsoft.VisualStudio.TestTools.TestTypes.Unit.UnitTestAdapter, Microsoft.VisualStudio.QualityTools.Tips.UnitTest.Adapter, Version=10.0.0.0, Culture=neutral, PublicKeyToken=b03f5f7f11d50a3a" className="AuctionSniper.Tests.Acceptance.AuctionSniperEndToEndTest, AuctionSniper.Tests.Acceptance, Version=1.0.0.0, Culture=neutral, PublicKeyToken=null" name="SniperJoinsAuctionUntilAuctionCloses" />
    </UnitTest>
    <UnitTest name="ReportsIsWinningWhenCurrentPriceComesFromSniper" storage="c:\sourcecode\dotnet_2010\auctionsniper_ch14\auctionsniper.tests.unit\bin\debug\auctionsniper.tests.unit.dll" id="6100111a-b8bf-f4a6-11df-9ebb884d82b4">
      <Execution id="b4b59be5-91fd-4fb9-8f18-fc1e2408c4b3" />
      <TestMethod codeBase="C:/SourceCode/dotNet_2010/AuctionSniper_ch14/AuctionSniper.Tests.Unit/bin/Debug/AuctionSniper.Tests.Unit.DLL" adapterTypeName="Microsoft.VisualStudio.TestTools.TestTypes.Unit.UnitTestAdapter, Microsoft.VisualStudio.QualityTools.Tips.UnitTest.Adapter, Version=10.0.0.0, Culture=neutral, PublicKeyToken=b03f5f7f11d50a3a" className="AuctionSniper.Tests.Unit.AuctionSniperTest, AuctionSniper.Tests.Unit, Version=1.0.0.0, Culture=neutral, PublicKeyToken=null" name="ReportsIsWinningWhenCurrentPriceComesFromSniper" />
    </UnitTest>
    <UnitTest name="BidsHigherAndReportsBiddingWhenNewPriceArrives" storage="c:\sourcecode\dotnet_2010\auctionsniper_ch14\auctionsniper.tests.unit\bin\debug\auctionsniper.tests.unit.dll" id="d0375629-f444-bfa8-7f20-6e2f539984ba">
      <Execution id="4872788b-a356-4aba-9cdf-54bb9fe9c53d" />
      <TestMethod codeBase="C:/SourceCode/dotNet_2010/AuctionSniper_ch14/AuctionSniper.Tests.Unit/bin/Debug/AuctionSniper.Tests.Unit.DLL" adapterTypeName="Microsoft.VisualStudio.TestTools.TestTypes.Unit.UnitTestAdapter, Microsoft.VisualStudio.QualityTools.Tips.UnitTest.Adapter, Version=10.0.0.0, Culture=neutral, PublicKeyToken=b03f5f7f11d50a3a" className="AuctionSniper.Tests.Unit.AuctionSniperTest, AuctionSniper.Tests.Unit, Version=1.0.0.0, Culture=neutral, PublicKeyToken=null" name="BidsHigherAndReportsBiddingWhenNewPriceArrives" />
    </UnitTest>
    <UnitTest name="ReportsLostIfAuctionClosesImmediately" storage="c:\sourcecode\dotnet_2010\auctionsniper_ch14\auctionsniper.tests.unit\bin\debug\auctionsniper.tests.unit.dll" id="c5a42179-fdd1-ee17-2224-491e2a9f65bb">
      <Execution id="1d2885e6-4464-454d-9808-e470c15524ae" />
      <TestMethod codeBase="C:/SourceCode/dotNet_2010/AuctionSniper_ch14/AuctionSniper.Tests.Unit/bin/Debug/AuctionSniper.Tests.Unit.DLL" adapterTypeName="Microsoft.VisualStudio.TestTools.TestTypes.Unit.UnitTestAdapter, Microsoft.VisualStudio.QualityTools.Tips.UnitTest.Adapter, Version=10.0.0.0, Culture=neutral, PublicKeyToken=b03f5f7f11d50a3a" className="AuctionSniper.Tests.Unit.AuctionSniperTest, AuctionSniper.Tests.Unit, Version=1.0.0.0, Culture=neutral, PublicKeyToken=null" name="ReportsLostIfAuctionClosesImmediately" />
    </UnitTest>
    <UnitTest name="NotifiesBidDetailsWhenCurrentPriceMessageReceivedFromOtherBidder" storage="c:\sourcecode\dotnet_2010\auctionsniper_ch14\auctionsniper.tests.unit\bin\debug\auctionsniper.tests.unit.dll" id="6b58e78d-f2a5-3d41-f567-0f88e676dacf">
      <Execution id="8fa08fea-4871-4fb9-8df1-d69f65910b91" />
      <TestMethod codeBase="C:/SourceCode/dotNet_2010/AuctionSniper_ch14/AuctionSniper.Tests.Unit/bin/Debug/AuctionSniper.Tests.Unit.DLL" adapterTypeName="Microsoft.VisualStudio.TestTools.TestTypes.Unit.UnitTestAdapter, Microsoft.VisualStudio.QualityTools.Tips.UnitTest.Adapter, Version=10.0.0.0, Culture=neutral, PublicKeyToken=b03f5f7f11d50a3a" className="AuctionSniper.Tests.Unit.AuctionMessageTranslatorTest, AuctionSniper.Tests.Unit, Version=1.0.0.0, Culture=neutral, PublicKeyToken=null" name="NotifiesBidDetailsWhenCurrentPriceMessageReceivedFromOtherBidder" />
    </UnitTest>
    <UnitTest name="NotifiesBidDetailsWhenCurrentPriceMessageReceivedFromSniper" storage="c:\sourcecode\dotnet_2010\auctionsniper_ch14\auctionsniper.tests.unit\bin\debug\auctionsniper.tests.unit.dll" id="c62dd472-c1fd-aa01-4263-fd037ae3c140">
      <Execution id="d62f6ff0-544d-4834-81f3-7270538a9058" />
      <TestMethod codeBase="C:/SourceCode/dotNet_2010/AuctionSniper_ch14/AuctionSniper.Tests.Unit/bin/Debug/AuctionSniper.Tests.Unit.DLL" adapterTypeName="Microsoft.VisualStudio.TestTools.TestTypes.Unit.UnitTestAdapter, Microsoft.VisualStudio.QualityTools.Tips.UnitTest.Adapter, Version=10.0.0.0, Culture=neutral, PublicKeyToken=b03f5f7f11d50a3a" className="AuctionSniper.Tests.Unit.AuctionMessageTranslatorTest, AuctionSniper.Tests.Unit, Version=1.0.0.0, Culture=neutral, PublicKeyToken=null" name="NotifiesBidDetailsWhenCurrentPriceMessageReceivedFromSniper" />
    </UnitTest>
  </TestDefinitions>
  <TestLists>
    <TestList name="Results Not in a List" id="8c84fa94-04c1-424b-9868-57a2d4851a1d" />
    <TestList name="All Loaded Results" id="19431567-8539-422a-85d7-44ee4e166bda" />
  </TestLists>
  <TestEntries>
    <TestEntry testId="065a0d2c-709e-ae8c-d96e-b30d6cd739fa" executionId="dce258f9-ab95-4f1d-825e-ed2483e036d8" testListId="8c84fa94-04c1-424b-9868-57a2d4851a1d" />
    <TestEntry testId="14f7be7d-438a-9046-014a-66d81650fe5b" executionId="1d13e6ba-adf3-464c-afb3-62a31551a7da" testListId="8c84fa94-04c1-424b-9868-57a2d4851a1d" />
    <TestEntry testId="3b0efb8e-e377-bd8a-bff1-079da82b4f70" executionId="191c400c-c6b4-4963-9e22-271dc5a12736" testListId="8c84fa94-04c1-424b-9868-57a2d4851a1d" />
    <TestEntry testId="6100111a-b8bf-f4a6-11df-9ebb884d82b4" executionId="b4b59be5-91fd-4fb9-8f18-fc1e2408c4b3" testListId="8c84fa94-04c1-424b-9868-57a2d4851a1d" />
    <TestEntry testId="6b58e78d-f2a5-3d41-f567-0f88e676dacf" executionId="8fa08fea-4871-4fb9-8df1-d69f65910b91" testListId="8c84fa94-04c1-424b-9868-57a2d4851a1d" />
    <TestEntry testId="93674639-a3b6-7bf8-74b6-1fd95b052a93" executionId="7e727a9f-683e-4ac5-a056-d16363bb8731" testListId="8c84fa94-04c1-424b-9868-57a2d4851a1d" />
    <TestEntry testId="b01b7404-787c-b29e-2f95-668958eae1b9" executionId="4b2ae11c-1eca-41ff-b6a6-7c73dbc54c22" testListId="8c84fa94-04c1-424b-9868-57a2d4851a1d" />
    <TestEntry testId="c5a42179-fdd1-ee17-2224-491e2a9f65bb" executionId="1d2885e6-4464-454d-9808-e470c15524ae" testListId="8c84fa94-04c1-424b-9868-57a2d4851a1d" />
    <TestEntry testId="c62dd472-c1fd-aa01-4263-fd037ae3c140" executionId="d62f6ff0-544d-4834-81f3-7270538a9058" testListId="8c84fa94-04c1-424b-9868-57a2d4851a1d" />
    <TestEntry testId="d0375629-f444-bfa8-7f20-6e2f539984ba" executionId="4872788b-a356-4aba-9cdf-54bb9fe9c53d" testListId="8c84fa94-04c1-424b-9868-57a2d4851a1d" />
    <TestEntry testId="d9fca3e4-583a-e2a3-5b9f-818b78a454f7" executionId="13c605e6-b5f2-45bf-83ae-c6a2fa0c195d" testListId="8c84fa94-04c1-424b-9868-57a2d4851a1d" />
  </TestEntries>
  <Results>
    <UnitTestResult executionId="dce258f9-ab95-4f1d-825e-ed2483e036d8" testId="065a0d2c-709e-ae8c-d96e-b30d6cd739fa" testName="SniperJoinsAuctionUntilAuctionCloses" computerName="MACBOOKPC" duration="00:00:00.1744954" startTime="2010-01-19T08:19:11.1670000-08:00" endTime="2010-01-19T08:19:11.8970000-08:00" testType="13cdc9d9-ddb5-4fa4-a97d-d965ccfc6d4b" outcome="Passed" testListId="8c84fa94-04c1-424b-9868-57a2d4851a1d" relativeResultsDirectory="dce258f9-ab95-4f1d-825e-ed2483e036d8">
    </UnitTestResult>
    <UnitTestResult executionId="1d13e6ba-adf3-464c-afb3-62a31551a7da" testId="14f7be7d-438a-9046-014a-66d81650fe5b" testName="NotifiesAuctionClosedWhenCloseMessageReceived" computerName="MACBOOKPC" duration="00:00:00.1538191" startTime="2010-01-19T08:19:11.9000000-08:00" endTime="2010-01-19T08:19:12.5660000-08:00" testType="13cdc9d9-ddb5-4fa4-a97d-d965ccfc6d4b" outcome="Passed" testListId="8c84fa94-04c1-424b-9868-57a2d4851a1d" relativeResultsDirectory="1d13e6ba-adf3-464c-afb3-62a31551a7da">
    </UnitTestResult>
    <UnitTestResult executionId="191c400c-c6b4-4963-9e22-271dc5a12736" testId="3b0efb8e-e377-bd8a-bff1-079da82b4f70" testName="ReportsLostIfAuctionClosesWhenBidding" computerName="MACBOOKPC" duration="00:00:00.0516909" startTime="2010-01-19T08:19:12.5700000-08:00" endTime="2010-01-19T08:19:12.6280000-08:00" testType="13cdc9d9-ddb5-4fa4-a97d-d965ccfc6d4b" outcome="Passed" testListId="8c84fa94-04c1-424b-9868-57a2d4851a1d" relativeResultsDirectory="191c400c-c6b4-4963-9e22-271dc5a12736">
    </UnitTestResult>
    <UnitTestResult executionId="b4b59be5-91fd-4fb9-8f18-fc1e2408c4b3" testId="6100111a-b8bf-f4a6-11df-9ebb884d82b4" testName="ReportsIsWinningWhenCurrentPriceComesFromSniper" computerName="MACBOOKPC" duration="00:00:00.0023978" startTime="2010-01-19T08:19:12.6290000-08:00" endTime="2010-01-19T08:19:12.6360000-08:00" testType="13cdc9d9-ddb5-4fa4-a97d-d965ccfc6d4b" outcome="Passed" testListId="8c84fa94-04c1-424b-9868-57a2d4851a1d" relativeResultsDirectory="b4b59be5-91fd-4fb9-8f18-fc1e2408c4b3">
    </UnitTestResult>
    <UnitTestResult executionId="8fa08fea-4871-4fb9-8df1-d69f65910b91" testId="6b58e78d-f2a5-3d41-f567-0f88e676dacf" testName="NotifiesBidDetailsWhenCurrentPriceMessageReceivedFromOtherBidder" computerName="MACBOOKPC" duration="00:00:00.0033622" startTime="2010-01-19T08:19:12.6390000-08:00" endTime="2010-01-19T08:19:12.6460000-08:00" testType="13cdc9d9-ddb5-4fa4-a97d-d965ccfc6d4b" outcome="Passed" testListId="8c84fa94-04c1-424b-9868-57a2d4851a1d" relativeResultsDirectory="8fa08fea-4871-4fb9-8df1-d69f65910b91">
    </UnitTestResult>
    <UnitTestResult executionId="7e727a9f-683e-4ac5-a056-d16363bb8731" testId="93674639-a3b6-7bf8-74b6-1fd95b052a93" testName="SniperWinsAnAuctionByBiddingHigher" computerName="MACBOOKPC" duration="00:00:00.0076339" startTime="2010-01-19T08:19:12.6480000-08:00" endTime="2010-01-19T08:19:12.6590000-08:00" testType="13cdc9d9-ddb5-4fa4-a97d-d965ccfc6d4b" outcome="Passed" testListId="8c84fa94-04c1-424b-9868-57a2d4851a1d" relativeResultsDirectory="7e727a9f-683e-4ac5-a056-d16363bb8731">
    </UnitTestResult>
    <UnitTestResult executionId="4b2ae11c-1eca-41ff-b6a6-7c73dbc54c22" testId="b01b7404-787c-b29e-2f95-668958eae1b9" testName="SniperMakesAHigherBidButLoses" computerName="MACBOOKPC" duration="00:00:00.0012718" startTime="2010-01-19T08:19:12.6610000-08:00" endTime="2010-01-19T08:19:12.6670000-08:00" testType="13cdc9d9-ddb5-4fa4-a97d-d965ccfc6d4b" outcome="Passed" testListId="8c84fa94-04c1-424b-9868-57a2d4851a1d" relativeResultsDirectory="4b2ae11c-1eca-41ff-b6a6-7c73dbc54c22">
    </UnitTestResult>
    <UnitTestResult executionId="1d2885e6-4464-454d-9808-e470c15524ae" testId="c5a42179-fdd1-ee17-2224-491e2a9f65bb" testName="ReportsLostIfAuctionClosesImmediately" computerName="MACBOOKPC" duration="00:00:00.0008481" startTime="2010-01-19T08:19:12.6690000-08:00" endTime="2010-01-19T08:19:12.6730000-08:00" testType="13cdc9d9-ddb5-4fa4-a97d-d965ccfc6d4b" outcome="Passed" testListId="8c84fa94-04c1-424b-9868-57a2d4851a1d" relativeResultsDirectory="1d2885e6-4464-454d-9808-e470c15524ae">
    </UnitTestResult>
    <UnitTestResult executionId="d62f6ff0-544d-4834-81f3-7270538a9058" testId="c62dd472-c1fd-aa01-4263-fd037ae3c140" testName="NotifiesBidDetailsWhenCurrentPriceMessageReceivedFromSniper" computerName="MACBOOKPC" duration="00:00:00.0007504" startTime="2010-01-19T08:19:12.6740000-08:00" endTime="2010-01-19T08:19:12.6800000-08:00" testType="13cdc9d9-ddb5-4fa4-a97d-d965ccfc6d4b" outcome="Passed" testListId="8c84fa94-04c1-424b-9868-57a2d4851a1d" relativeResultsDirectory="d62f6ff0-544d-4834-81f3-7270538a9058">
    </UnitTestResult>
    <UnitTestResult executionId="4872788b-a356-4aba-9cdf-54bb9fe9c53d" testId="d0375629-f444-bfa8-7f20-6e2f539984ba" testName="BidsHigherAndReportsBiddingWhenNewPriceArrives" computerName="MACBOOKPC" duration="00:00:00.0060152" startTime="2010-01-19T08:19:12.6820000-08:00" endTime="2010-01-19T08:19:12.6940000-08:00" testType="13cdc9d9-ddb5-4fa4-a97d-d965ccfc6d4b" outcome="Passed" testListId="8c84fa94-04c1-424b-9868-57a2d4851a1d" relativeResultsDirectory="4872788b-a356-4aba-9cdf-54bb9fe9c53d">
    </UnitTestResult>
    <UnitTestResult executionId="13c605e6-b5f2-45bf-83ae-c6a2fa0c195d" testId="d9fca3e4-583a-e2a3-5b9f-818b78a454f7" testName="ReportsWonIfAuctionClosesWhenWinning" computerName="MACBOOKPC" duration="00:00:00.0015951" startTime="2010-01-19T08:19:12.6970000-08:00" endTime="2010-01-19T08:19:12.7050000-08:00" testType="13cdc9d9-ddb5-4fa4-a97d-d965ccfc6d4b" outcome="Passed" testListId="8c84fa94-04c1-424b-9868-57a2d4851a1d" relativeResultsDirectory="13c605e6-b5f2-45bf-83ae-c6a2fa0c195d">
    </UnitTestResult>
  </Results>
</TestRun>